1104475652 | Stormzy - Rainfall | Track not available on deezer's servers!
